---
source: crates/ph2d-mcp/tests/schema_snapshot.rs
expression: tools
---
- name: attach_script
  description: Attach a LuauScript component to an entity. bytecode is the 64-char hex AssetId of compiled Luau.
  destructive: false
- name: find_by_name
  description: Resolve a Name component to its Entity id. Returns null when absent.
  destructive: false
- name: message.send
  description: Send a Defold-style message to a target entity.
  destructive: false
- name: scene.add_component
  description: Attach a component to an entity. Component data is JSON-serialized.
  destructive: false
- name: scene.delete_entity
  description: Despawn an entity. Destructive — requires confirmation_token (HR-11).
  destructive: true
- name: scene.get_component
  description: Read a component by name from an entity. Returns null when absent.
  destructive: false
- name: scene.spawn_entity
  description: Spawn empty entity in current scene; returns Entity handle.
  destructive: false
- name: state_get
  description: Read a per-entity lateral state field (HR-16 POD value). Returns null when absent.
  destructive: false
- name: state_keys
  description: Alphabetically-sorted list of lateral state field names for an entity.
  destructive: false
- name: state_set
  description: "Write a per-entity lateral state field. Value must be POD (HR-16): number/string/bool/nil or nested table thereof."
  destructive: false
- name: vector.clear_scene
  description: Remove every vector path from the scene. Destructive — requires a confirmation_token (HR-11). Returns the number of paths removed.
  destructive: true
- name: vector.delete_path
  description: Delete one vector path. Destructive — requires a confirmation_token (HR-11).
  destructive: true
- name: vector.inspect
  description: "Summarize one vector path: vertex / segment / region counts and axis-aligned bounds [min_x, min_y, max_x, max_y]. Returns found=false when the path id is unknown."
  destructive: false
- name: vector.modify
  description: Replace the geometry of an existing path with a freshly-sanitized LLM4SVG blob. Returns replaced=false when the path id is unknown.
  destructive: false
- name: vector.paint_shape
  description: "Author an editable vector path from an LLM4SVG semantic-token blob (e.g. spiral{turns}, polygon{sides}, star, ellipse, rect, path). The blob is sanitized (numeric bounds enforced before any geometry is allocated); returns the new path id and its vertex count."
  destructive: false
- name: vector.query
  description: List the ids of all vector paths currently in the scene (ascending).
  destructive: false
